
> image2model-studio@0.1.0 dev
> vite --host 127.0.0.1

[2m23:02:28[22m [36m[1m[vite][22m[39m [90m[2m(client)[22m[39m Re-optimizing dependencies because lockfile has changed

  [32m[1mVITE[22m v8.0.16[39m  [2mready in [0m[1m513[22m[2m[0m ms[22m

  [32m➜[39m  [1mLocal[22m:   [36mhttp://127.0.0.1:[1m5173[22m/[39m
[2m[32m  ➜[39m[22m[2m  press [22m[1mh + enter[22m[2m to show help[22m
[2m23:05:49[22m [33m[1m[vite][22m[39m [33m[2m(client)[22m[39m [2m[console.warn] [22mLit is in dev mode. Not recommended for production! See https://lit.dev/msg/dev-mode for more information.
[2m23:05:56[22m [33m[1m[vite][22m[39m [33m[2m(client)[22m[39m [2m[console.warn] [22mLit is in dev mode. Not recommended for production! See https://lit.dev/msg/dev-mode for more information.
[2m23:07:40[22m [36m[1m[vite][22m[39m [90m[2m(client)[22m[39m [32mhmr update [39m[2m/src/App.tsx, /src/styles.css[22m
[2m23:08:06[22m [36m[1m[vite][22m[39m [90m[2m(client)[22m[39m [32mhmr update [39m[2m/src/App.tsx, /src/styles.css[22m
[2m23:08:07[22m [31m[1m[vite][22m[39m [31m[2m(client)[22m[39m [31m[Unhandled error] [1mTypeError[22m: Cannot read properties of undefined (reading 'nav')
[39m > Header src/App.tsx:198:15
    196 |          <div className="hidden items-center gap-7 text-sm text-slate-400 md:flex">
    197 |            <a className="transition hover:text-white" href="#studio">
    198 |              {t.nav.studio}
        |                 ^
    199 |            </a>
    200 |            <a className="transition hover:text-white" href="#models">
 > Object.react_stack_bottom_frame node_modules/react-dom/cjs/react-dom-client.development.js:25904:19
 > renderWithHooks node_modules/react-dom/cjs/react-dom-client.development.js:7662:21
 > updateFunctionComponent node_modules/react-dom/cjs/react-dom-client.development.js:10166:18
 > beginWork node_modules/react-dom/cjs/react-dom-client.development.js:11778:17
 > runWithFiberInDEV node_modules/react-dom/cjs/react-dom-client.development.js:871:29
 > performUnitOfWork node_modules/react-dom/cjs/react-dom-client.development.js:17641:21
 > workLoopSync node_modules/react-dom/cjs/react-dom-client.development.js:17469:40
 > renderRootSync node_modules/react-dom/cjs/react-dom-client.development.js:17450:10
 > performWorkOnRoot node_modules/react-dom/cjs/react-dom-client.development.js:16583:34

[2m23:08:07[22m [33m[1m[vite][22m[39m [33m[2m(client)[22m[39m [2m[console.warn] [22mAn error occurred in the <Header> component.

Consider adding an error boundary to your tree to customize error handling behavior.
Visit https://react.dev/link/error-boundaries to learn more about error boundaries.

[2m23:08:07[22m [31m[1m[vite][22m[39m [31m[2m(client)[22m[39m [31m[Unhandled error] [1mTypeError[22m: Cannot read properties of undefined (reading 'nav')
[39m > Header src/App.tsx:198:15
    196 |          <div className="hidden items-center gap-7 text-sm text-slate-400 md:flex">
    197 |            <a className="transition hover:text-white" href="#studio">
    198 |              {t.nav.studio}
        |                 ^
    199 |            </a>
    200 |            <a className="transition hover:text-white" href="#models">
 > Object.react_stack_bottom_frame node_modules/react-dom/cjs/react-dom-client.development.js:25904:19
 > renderWithHooks node_modules/react-dom/cjs/react-dom-client.development.js:7662:21
 > updateFunctionComponent node_modules/react-dom/cjs/react-dom-client.development.js:10166:18
 > beginWork node_modules/react-dom/cjs/react-dom-client.development.js:11778:17
 > runWithFiberInDEV node_modules/react-dom/cjs/react-dom-client.development.js:871:29
 > performUnitOfWork node_modules/react-dom/cjs/react-dom-client.development.js:17641:21
 > workLoopSync node_modules/react-dom/cjs/react-dom-client.development.js:17469:40
 > renderRootSync node_modules/react-dom/cjs/react-dom-client.development.js:17450:10
 > performWorkOnRoot node_modules/react-dom/cjs/react-dom-client.development.js:16583:34

[2m23:08:07[22m [33m[1m[vite][22m[39m [33m[2m(client)[22m[39m [2m[console.warn] [22mAn error occurred in the <Header> component.

Consider adding an error boundary to your tree to customize error handling behavior.
Visit https://react.dev/link/error-boundaries to learn more about error boundaries.

[2m23:08:27[22m [36m[1m[vite][22m[39m [90m[2m(client)[22m[39m [32mhmr update [39m[2m/src/App.tsx, /src/styles.css[22m
[2m23:08:28[22m [31m[1m[vite][22m[39m [31m[2m(client)[22m[39m [31m[Unhandled error] [1mTypeError[22m: Cannot read properties of undefined (reading 'nav')
[39m > Header src/App.tsx:198:15
    196 |          <div className="hidden items-center gap-7 text-sm text-slate-400 md:flex">
    197 |            <a className="transition hover:text-white" href="#studio">
    198 |              {t.nav.studio}
        |                 ^
    199 |            </a>
    200 |            <a className="transition hover:text-white" href="#models">
 > Object.react_stack_bottom_frame node_modules/react-dom/cjs/react-dom-client.development.js:25904:19
 > renderWithHooks node_modules/react-dom/cjs/react-dom-client.development.js:7662:21
 > updateFunctionComponent node_modules/react-dom/cjs/react-dom-client.development.js:10166:18
 > beginWork node_modules/react-dom/cjs/react-dom-client.development.js:11778:17
 > runWithFiberInDEV node_modules/react-dom/cjs/react-dom-client.development.js:871:29
 > performUnitOfWork node_modules/react-dom/cjs/react-dom-client.development.js:17641:21
 > workLoopSync node_modules/react-dom/cjs/react-dom-client.development.js:17469:40
 > renderRootSync node_modules/react-dom/cjs/react-dom-client.development.js:17450:10
 > performWorkOnRoot node_modules/react-dom/cjs/react-dom-client.development.js:16583:34

[2m23:08:28[22m [33m[1m[vite][22m[39m [33m[2m(client)[22m[39m [2m[console.warn] [22mAn error occurred in the <Header> component.

Consider adding an error boundary to your tree to customize error handling behavior.
Visit https://react.dev/link/error-boundaries to learn more about error boundaries.

[2m23:08:28[22m [31m[1m[vite][22m[39m [31m[2m(client)[22m[39m [31m[Unhandled error] [1mTypeError[22m: Cannot read properties of undefined (reading 'nav')
[39m > Header src/App.tsx:198:15
    196 |          <div className="hidden items-center gap-7 text-sm text-slate-400 md:flex">
    197 |            <a className="transition hover:text-white" href="#studio">
    198 |              {t.nav.studio}
        |                 ^
    199 |            </a>
    200 |            <a className="transition hover:text-white" href="#models">
 > Object.react_stack_bottom_frame node_modules/react-dom/cjs/react-dom-client.development.js:25904:19
 > renderWithHooks node_modules/react-dom/cjs/react-dom-client.development.js:7662:21
 > updateFunctionComponent node_modules/react-dom/cjs/react-dom-client.development.js:10166:18
 > beginWork node_modules/react-dom/cjs/react-dom-client.development.js:11778:17
 > runWithFiberInDEV node_modules/react-dom/cjs/react-dom-client.development.js:871:29
 > performUnitOfWork node_modules/react-dom/cjs/react-dom-client.development.js:17641:21
 > workLoopSync node_modules/react-dom/cjs/react-dom-client.development.js:17469:40
 > renderRootSync node_modules/react-dom/cjs/react-dom-client.development.js:17450:10
 > performWorkOnRoot node_modules/react-dom/cjs/react-dom-client.development.js:16583:34

[2m23:08:28[22m [33m[1m[vite][22m[39m [33m[2m(client)[22m[39m [2m[console.warn] [22mAn error occurred in the <Header> component.

Consider adding an error boundary to your tree to customize error handling behavior.
Visit https://react.dev/link/error-boundaries to learn more about error boundaries.

[2m23:09:01[22m [36m[1m[vite][22m[39m [90m[2m(client)[22m[39m [32mhmr update [39m[2m/src/App.tsx, /src/styles.css[22m
[2m23:09:02[22m [31m[1m[vite][22m[39m [31m[2m(client)[22m[39m [31m[Unhandled error] [1mTypeError[22m: Cannot read properties of undefined (reading 'nav')
[39m > Header src/App.tsx:198:15
    196 |          <div className="hidden items-center gap-7 text-sm text-slate-400 md:flex">
    197 |            <a className="transition hover:text-white" href="#studio">
    198 |              {t.nav.studio}
        |                 ^
    199 |            </a>
    200 |            <a className="transition hover:text-white" href="#models">
 > Object.react_stack_bottom_frame node_modules/react-dom/cjs/react-dom-client.development.js:25904:19
 > renderWithHooks node_modules/react-dom/cjs/react-dom-client.development.js:7662:21
 > updateFunctionComponent node_modules/react-dom/cjs/react-dom-client.development.js:10166:18
 > beginWork node_modules/react-dom/cjs/react-dom-client.development.js:11778:17
 > runWithFiberInDEV node_modules/react-dom/cjs/react-dom-client.development.js:871:29
 > performUnitOfWork node_modules/react-dom/cjs/react-dom-client.development.js:17641:21
 > workLoopSync node_modules/react-dom/cjs/react-dom-client.development.js:17469:40
 > renderRootSync node_modules/react-dom/cjs/react-dom-client.development.js:17450:10
 > performWorkOnRoot node_modules/react-dom/cjs/react-dom-client.development.js:16583:34

[2m23:09:02[22m [33m[1m[vite][22m[39m [33m[2m(client)[22m[39m [2m[console.warn] [22mAn error occurred in the <Header> component.

Consider adding an error boundary to your tree to customize error handling behavior.
Visit https://react.dev/link/error-boundaries to learn more about error boundaries.

[2m23:09:02[22m [31m[1m[vite][22m[39m [31m[2m(client)[22m[39m [31m[Unhandled error] [1mTypeError[22m: Cannot read properties of undefined (reading 'nav')
[39m > Header src/App.tsx:198:15
    196 |          <div className="hidden items-center gap-7 text-sm text-slate-400 md:flex">
    197 |            <a className="transition hover:text-white" href="#studio">
    198 |              {t.nav.studio}
        |                 ^
    199 |            </a>
    200 |            <a className="transition hover:text-white" href="#models">
 > Object.react_stack_bottom_frame node_modules/react-dom/cjs/react-dom-client.development.js:25904:19
 > renderWithHooks node_modules/react-dom/cjs/react-dom-client.development.js:7662:21
 > updateFunctionComponent node_modules/react-dom/cjs/react-dom-client.development.js:10166:18
 > beginWork node_modules/react-dom/cjs/react-dom-client.development.js:11778:17
 > runWithFiberInDEV node_modules/react-dom/cjs/react-dom-client.development.js:871:29
 > performUnitOfWork node_modules/react-dom/cjs/react-dom-client.development.js:17641:21
 > workLoopSync node_modules/react-dom/cjs/react-dom-client.development.js:17469:40
 > renderRootSync node_modules/react-dom/cjs/react-dom-client.development.js:17450:10
 > performWorkOnRoot node_modules/react-dom/cjs/react-dom-client.development.js:16583:34

[2m23:09:02[22m [33m[1m[vite][22m[39m [33m[2m(client)[22m[39m [2m[console.warn] [22mAn error occurred in the <Header> component.

Consider adding an error boundary to your tree to customize error handling behavior.
Visit https://react.dev/link/error-boundaries to learn more about error boundaries.

[2m23:09:31[22m [36m[1m[vite][22m[39m [90m[2m(client)[22m[39m [32mhmr update [39m[2m/src/App.tsx, /src/styles.css[22m
[2m23:12:51[22m [33m[1m[vite][22m[39m [33m[2m(client)[22m[39m [2m[console.warn] [22mLit is in dev mode. Not recommended for production! See https://lit.dev/msg/dev-mode for more information.
[2m23:32:41[22m [36m[1m[vite][22m[39m [90m[2m(client)[22m[39m [32mpage reload [39m[2m_github_upload_package/index.html[22m
[2m23:32:41[22m [36m[1m[vite][22m[39m changed tsconfig file detected: E:/2Dto3D/_github_upload_package/tsconfig.json - Clearing cache and forcing full-reload to ensure TypeScript is compiled with updated config values.
[2m23:32:42[22m [33m[1m[vite][22m[39m [33m[2m(client)[22m[39m [2m[console.warn] [22mLit is in dev mode. Not recommended for production! See https://lit.dev/msg/dev-mode for more information.
[2m23:32:42[22m [33m[1m[vite][22m[39m [33m[2m(client)[22m[39m [2m[console.warn] [22mLit is in dev mode. Not recommended for production! See https://lit.dev/msg/dev-mode for more information.
[2m23:32:42[22m [36m[1m[vite][22m[39m changed tsconfig file detected: E:/2Dto3D/_github_upload_package/tsconfig.json - Clearing cache and forcing full-reload to ensure TypeScript is compiled with updated config values.
[2m23:32:42[22m [36m[1m[vite][22m[39m [90m[2m(client)[22m[39m [32mpage reload [39m[2m_github_upload_package/index.html[22m
[2m23:32:43[22m [33m[1m[vite][22m[39m [33m[2m(client)[22m[39m [2m[console.warn] [22mLit is in dev mode. Not recommended for production! See https://lit.dev/msg/dev-mode for more information.
[2m23:32:43[22m [33m[1m[vite][22m[39m [33m[2m(client)[22m[39m [2m[console.warn] [22mLit is in dev mode. Not recommended for production! See https://lit.dev/msg/dev-mode for more information.
[2m23:33:17[22m [36m[1m[vite][22m[39m [90m[2m(client)[22m[39m [32mpage reload [39m[2m_github_upload_package/index.html[22m
[2m23:33:17[22m [36m[1m[vite][22m[39m changed tsconfig file detected: E:/2Dto3D/_github_upload_package/tsconfig.json - Clearing cache and forcing full-reload to ensure TypeScript is compiled with updated config values.
[2m23:33:18[22m [36m[1m[vite][22m[39m changed tsconfig file detected: E:/2Dto3D/_github_upload_package/tsconfig.json - Clearing cache and forcing full-reload to ensure TypeScript is compiled with updated config values.
[2m23:33:18[22m [36m[1m[vite][22m[39m [90m[2m(client)[22m[39m [32mpage reload [39m[2m_github_upload_package/index.html[22m
[2m23:33:18[22m [33m[1m[vite][22m[39m [33m[2m(client)[22m[39m [2m[console.warn] [22mLit is in dev mode. Not recommended for production! See https://lit.dev/msg/dev-mode for more information.
[2m23:33:18[22m [33m[1m[vite][22m[39m [33m[2m(client)[22m[39m [2m[console.warn] [22mLit is in dev mode. Not recommended for production! See https://lit.dev/msg/dev-mode for more information.
[2m23:33:36[22m [36m[1m[vite][22m[39m [90m[2m(client)[22m[39m [32mpage reload [39m[2m_github_upload_package/index.html[22m
[2m23:33:36[22m [36m[1m[vite][22m[39m changed tsconfig file detected: E:/2Dto3D/_github_upload_package/tsconfig.json - Clearing cache and forcing full-reload to ensure TypeScript is compiled with updated config values.
[2m23:33:36[22m [36m[1m[vite][22m[39m changed tsconfig file detected: E:/2Dto3D/_github_upload_package/tsconfig.json - Clearing cache and forcing full-reload to ensure TypeScript is compiled with updated config values.
[2m23:33:36[22m [36m[1m[vite][22m[39m [90m[2m(client)[22m[39m [32mpage reload [39m[2m_github_upload_package/index.html[22m
[2m23:33:37[22m [33m[1m[vite][22m[39m [33m[2m(client)[22m[39m [2m[console.warn] [22mLit is in dev mode. Not recommended for production! See https://lit.dev/msg/dev-mode for more information.
[2m23:33:37[22m [33m[1m[vite][22m[39m [33m[2m(client)[22m[39m [2m[console.warn] [22mLit is in dev mode. Not recommended for production! See https://lit.dev/msg/dev-mode for more information.
